// Jest Snapshot v1, https://goo.gl/fbAQLP

exports[`Button should render 1`] = `
<body>
  <div>
    <button
      class="disabled:cursor-not-allowed cursor-pointer hover:bg-blue-600 relative text-md text-white font-medium bg-blue-500 rounded-full py-2.5 px-4 "
      type="button"
    >
      <div
        class="absolute flex w-16"
      >
        <svg
          class="absolute top-1 stroke-blue-300 "
          fill="none"
          height="1em"
          stroke="currentColor"
          stroke-linecap="round"
          stroke-linejoin="round"
          stroke-width="2"
          viewBox="0 0 24 24"
          width="1em"
          xmlns="http://www.w3.org/2000/svg"
        >
          <polyline
            points="23 4 23 10 17 10"
          />
          <polyline
            points="1 20 1 14 7 14"
          />
          <path
            d="M3.51 9a9 9 0 0 1 14.85-3.36L23 10M1 14l4.64 4.36A9 9 0 0 0 20.49 15"
          />
        </svg>
      </div>
      text
    </button>
  </div>
</body>
`;
