// Jest Snapshot v1, https://goo.gl/fbAQLP

exports[`TestWrapper should render 1`] = `
<body>
  <div>
    <div
      class="top-0 left-0 bg-white w-full"
    >
      <div
        class="flex items-end justify-between mb-4 text-lg font-thin text-gray-500"
      >
        Output
        <button
          class="py-2 px-4 bg-indigo-500 hover:bg-indigo-600 text-white text-sm font-medium rounded"
          type="button"
        >
          New conversion
        </button>
      </div>
      <textarea
        class="w-full border-b-2 bg-gray-50 p-2 resize-none"
        disabled=""
        placeholder="Output text"
        rows="11"
      />
      <div
        class="mt-1 flex justify-end gap-4"
      >
        <div
          class="relative"
        >
          <button
            disabled=""
            type="button"
          >
            <svg
              class="fill-gray-400 hover:fill-indigo-500"
              data-testid="copy-icon"
              fill="currentColor"
              height="1.25rem"
              stroke="currentColor"
              stroke-width="0"
              viewBox="0 0 24 24"
              width="1.25rem"
              xmlns="http://www.w3.org/2000/svg"
            >
              <g>
                <path
                  d="M0 0h24v24H0z"
                  fill="none"
                />
                <path
                  d="M7 6V3a1 1 0 0 1 1-1h12a1 1 0 0 1 1 1v14a1 1 0 0 1-1 1h-3v3c0 .552-.45 1-1.007 1H4.007A1.001 1.001 0 0 1 3 21l.003-14c0-.552.45-1 1.007-1H7zm2 0h8v10h2V4H9v2z"
                />
              </g>
            </svg>
          </button>
          <span
            class="absolute hidden bg-gray-800 text-white rounded p-1.5 px-3 text-xs -left-9 bottom-8 whitespace-nowrap"
          >
            Copy text
          </span>
        </div>
        <div
          class="relative"
        >
          <button
            disabled=""
            type="button"
          >
            <svg
              class="fill-gray-400 hover:fill-indigo-500"
              data-testid="download-icon"
              fill="currentColor"
              height="1.25rem"
              stroke="currentColor"
              stroke-width="0"
              viewBox="0 0 24 24"
              width="1.25rem"
              xmlns="http://www.w3.org/2000/svg"
            >
              <g>
                <path
                  d="M0 0h24v24H0z"
                  fill="none"
                />
                <path
                  d="M16 2l5 5v14.008a.993.993 0 0 1-.993.992H3.993A1 1 0 0 1 3 21.008V2.992C3 2.444 3.445 2 3.993 2H16zm-3 10V8h-2v4H8l4 4 4-4h-3z"
                />
              </g>
            </svg>
          </button>
          <span
            class="absolute hidden bg-gray-800 text-white rounded p-1.5 px-3 text-xs -left-9 bottom-8 whitespace-nowrap"
          >
            Download
          </span>
        </div>
      </div>
    </div>
  </div>
</body>
`;
